ASxxxx Linker V03.00/V05.40 + sdld,  page 1.
Hexadecimal  [32-Bits]

Area                       Addr        Size        Decimal Bytes (Attributes)
--------------------       ----        ----        ------- ----- ------------
.  .ABS.               00000000    00000000 =           0. bytes (ABS,CON)

        Value  Global            Value  Global            Value  Global    
        -----  ------            -----  ------            -----  ------    
     00000000  .__.ABS.  |    00000000  _rMBC7_SR |    00000000  _rRAMG   
     00000000  l__BASE   |    00000000  l__BSS    |    00000000  l__CABS  
     00000000  l__CODE_0 |    00000000  l__DABS   |    00000000  l__HEADER
     00000000  l__HEAP   |    00000000  l__HEAP_E |    00000000  l__LIT   
     00000000  s__CABS   |    00000000  s__DABS   |    00000000  s__HEADER
     00000000  s__HEADER |    00000000  s__HEADER |    00000000  s__HEADER
     00000000  s__HEADER |    00000000  s__HEADER |    00000000  s__HEADER
     00000000  s__HEADER |    00000000  s__HEADER |    00000000  s__HEADER
     00000000  s__HEADER |    00000000  s__HEADER |    00000000  s__HEADER
     00000000  s__HEADER |    00000000  s__HEADER |    00000000  s__HEADER
     00000000  s__HEADER |    00000000  s__HEADER |    00000000  s__HEADER
     00000001  ___bank_I |    00000001  ___bank_S |    00000001  b_maze_re
     00000001  b_run_maz |    00000001  b_scene_r |    00000001  l__GSFINA
     00000001  l__HEADER |    00000001  l__HEADER |    00000001  l__HEADER
     00000001  l__HEADER |    00000001  l__HEADER |    00000001  l__HEADER
     00000001  l__HEADER |    00000002  ___bank_S |    00000002  ___bank_S
     00000002  l__HEADER |    00000002  l__HEADER |    00000002  l__HEADER
     00000003  ___bank_S |    00000003  ___bank_S |    00000003  l__HEADER
     00000004  ___bank_S |    00000004  ___bank_S |    00000005  ___bank_S
     00000005  ___bank_S |    00000005  l__HEADER |    00000006  ___bank_S
     00000006  ___bank_S |    00000006  l__HEADER |    00000007  ___bank_S
     00000007  ___bank_S |    00000007  l__HEADER |    00000008  ___bank_S
     00000008  ___bank_S |    00000008  l__HEADER |    00000009  ___bank_S
     00000009  ___bank_S |    00000009  l__INITIA |    00000009  l__INITIA
     0000000A  ___bank_S |    0000000A  ___bank_S |    0000000B  ___bank_S
     0000000B  ___bank_S |    0000000C  ___bank_S |    0000000C  ___bank_S
     0000000C  l__GSINIT |    0000000D  ___bank_S |    0000000D  ___bank_S
     0000000E  ___bank_S |    0000000E  ___bank_S |    0000000F  ___bank_S
     0000000F  ___bank_S |    00000010  ___bank_S |    00000013  l__HRAM  
     00000030  l__HEADER |    00000060  l__HEADER |    000000AB  l__HEADER
     0000017D  l__DATA   |    00000200  s__CODE   |    00000AD6  l__HOME  
     00001680  l__CODE_1 |    00002000  _rROMB0   |    00002D00  l__CODE_1
     00002D00  l__CODE_1 |    00002D00  l__CODE_1 |    00002D00  l__CODE_1
     00002D00  l__CODE_1 |    00002D00  l__CODE_1 |    00002D00  l__CODE_2
     00002D00  l__CODE_3 |    00002D00  l__CODE_4 |    00002D00  l__CODE_5
     00002D00  l__CODE_6 |    00002D00  l__CODE_7 |    00002D00  l__CODE_8
     00002D00  l__CODE_9 |    00003000  _rROMB1   |    000032D5  l__CODE  
     0000337E  l__CODE_1 |    000034D5  s__HOME   |    00003FAB  s__BASE  
     00003FAB  s__CODE_0 |    00003FAB  s__INITIA |    00003FAB  s__LIT   
     00003FB4  s__GSINIT |    00003FC0  s__GSFINA |    00004000  _rMBC7_SR
     00004000  _rRAMB    |    00008000  __VRAM    |    00008000  __VRAM800
     00008800  __VRAM880 |    00009000  __VRAM900 |    00009800  __SCRN0  
     00009C00  __SCRN1   |    0000A000  __SRAM    |    0000A000  _rMBC7_LA
     0000A010  _rMBC7_LA |    0000A020  _rMBC7_AC |    0000A030  _rMBC7_AC
     0000A040  _rMBC7_AC |    0000A050  _rMBC7_AC |    0000C000  __RAM    
     0000C000  _shadow_O |    0000C0A0  s__DATA   |    0000C21D  s__BSS   
     0000C21D  s__INITIA |    0000C226  s__HEAP   |    0000C226  s__HEAP_E
     0000D000  __RAMBANK |    0000E000  .STACK    |    0000FE00  __OAMRAM 
     0000FF00  _P1_REG   |    0000FF00  __IO      |    0000FF01  _SB_REG  
     0000FF02  _SC_REG   |    0000FF04  _DIV_REG  |    0000FF05  _TIMA_REG
ASxxxx Linker V03.00/V05.40 + sdld,  page 2.
Hexadecimal  [32-Bits]

Area                       Addr        Size        Decimal Bytes (Attributes)
--------------------       ----        ----        ------- ----- ------------
.  .ABS.               00000000    00000000 =           0. bytes (ABS,CON)

        Value  Global            Value  Global            Value  Global    
        -----  ------            -----  ------            -----  ------    
     0000FF06  _TMA_REG  |    0000FF07  _TAC_REG  |    0000FF0F  _IF_REG  
     0000FF10  _NR10_REG |    0000FF11  _NR11_REG |    0000FF12  _NR12_REG
     0000FF13  _NR13_REG |    0000FF14  _NR14_REG |    0000FF16  _NR21_REG
     0000FF17  _NR22_REG |    0000FF18  _NR23_REG |    0000FF19  _NR24_REG
     0000FF1A  _NR30_REG |    0000FF1B  _NR31_REG |    0000FF1C  _NR32_REG
     0000FF1D  _NR33_REG |    0000FF1E  _NR34_REG |    0000FF20  _NR41_REG
     0000FF21  _NR42_REG |    0000FF22  _NR43_REG |    0000FF23  _NR44_REG
     0000FF24  _NR50_REG |    0000FF25  _NR51_REG |    0000FF26  _NR52_REG
     0000FF30  _AUD3WAVE |    0000FF30  _PCM_SAMP |    0000FF30  __AUD3WAV
     0000FF40  _LCDC_REG |    0000FF41  _STAT_REG |    0000FF42  _SCY_REG 
     0000FF43  _SCX_REG  |    0000FF44  _LY_REG   |    0000FF45  _LYC_REG 
     0000FF46  _DMA_REG  |    0000FF47  _BGP_REG  |    0000FF48  _OBP0_REG
     0000FF49  _OBP1_REG |    0000FF4A  _WY_REG   |    0000FF4B  _WX_REG  
     0000FF4D  _KEY1_REG |    0000FF4F  _VBK_REG  |    0000FF51  _HDMA1_RE
     0000FF52  _HDMA2_RE |    0000FF53  _HDMA3_RE |    0000FF54  _HDMA4_RE
     0000FF55  _HDMA5_RE |    0000FF56  _RP_REG   |    0000FF68  _BCPS_REG
     0000FF69  _BCPD_REG |    0000FF6A  _OCPS_REG |    0000FF6B  _OCPD_REG
     0000FF70  _SVBK_REG |    0000FF76  _PCM12_RE |    0000FF77  _PCM34_RE
     0000FF80  __HRAM    |    0000FF80  s__HRAM   |    0000FFFF  _IE_REG  
     00014000  s__CODE_1 |    00024000  s__CODE_2 |    00034000  s__CODE_3
     00044000  s__CODE_4 |    00054000  s__CODE_5 |    00064000  s__CODE_6
     00074000  s__CODE_7 |    00084000  s__CODE_8 |    00094000  s__CODE_9
     000A4000  s__CODE_1 |    000B4000  s__CODE_1 |    000C4000  s__CODE_1
     000D4000  s__CODE_1 |    000E4000  s__CODE_1 |    000F4000  s__CODE_1
     00104000  s__CODE_1
ASxxxx Linker V03.00/V05.40 + sdld,  page 3.
Hexadecimal  [32-Bits]

Area                       Addr        Size        Decimal Bytes (Attributes)
--------------------       ----        ----        ------- ----- ------------
_CODE                  00000200    000032D5 =       13013. bytes (REL,CON)

        Value  Global            Value  Global            Value  Global    
        -----  ------            -----  ------            -----  ------    
     000025A5  _wait_for |    00002646  _ui_tile_ |    000027CD  _draw_tex
     00002809  _clear_ro |    00002A95  _wait_for |    00002C5B  _draw_wra
     00003123  _main     |    00003304  __divsuch |    0000330A  __modsuch
     00003313  __divusch |    0000331C  __modusch |    00003328  __divscha
     0000332D  __modscha |    00003334  __divsint |    0000333D  __modsint
     00003349  __divucha |    0000334E  __moducha |    00003355  __divuint
     0000335E  __moduint |    0000336A  .div8     |    0000336A  .mod8    
     00003372  .div16    |    00003372  .mod16    |    000033A8  .divu8   
     000033A8  .modu8    |    000033AB  .divu16   |    000033AB  .modu16  
     000033EB  __mulsuch |    000033EE  __mulusch |    000033F7  __mulscha
     000033FF  __mulint  |    0000341E  __mulucha |    00003430  _set_vram
     00003439  _set_win_ |    00003442  _set_bkg_ |    00003471  _cgb_comp
     00003471  _set_defa |    0000348A  _set_spri |    0000348F  _set_bkg_
     00003492  .set_pale |    000034B1  _set_spri |    000034B6  _set_bkg_
     000034B9  .set_pale
ASxxxx Linker V03.00/V05.40 + sdld,  page 4.
Hexadecimal  [32-Bits]

Area                       Addr        Size        Decimal Bytes (Attributes)
--------------------       ----        ----        ------- ----- ------------
_HEADER0               00000000    00000001 =           1. bytes (ABS,CON)

        Value  Global            Value  Global            Value  Global    
        -----  ------            -----  ------            -----  ------    
     00000020  .call_hl 
ASxxxx Linker V03.00/V05.40 + sdld,  page 5.
Hexadecimal  [32-Bits]

Area                       Addr        Size        Decimal Bytes (Attributes)
--------------------       ----        ----        ------- ----- ------------
_HEADER1               00000000    00000005 =           5. bytes (ABS,CON)

        Value  Global            Value  Global            Value  Global    
        -----  ------            -----  ------            -----  ------    
     00000028  .MemsetSm
ASxxxx Linker V03.00/V05.40 + sdld,  page 6.
Hexadecimal  [32-Bits]

Area                       Addr        Size        Decimal Bytes (Attributes)
--------------------       ----        ----        ------- ----- ------------
_HEADER2               00000000    00000007 =           7. bytes (ABS,CON)

        Value  Global            Value  Global            Value  Global    
        -----  ------            -----  ------            -----  ------    
     00000030  .MemcpySm
ASxxxx Linker V03.00/V05.40 + sdld,  page 7.
Hexadecimal  [32-Bits]

Area                       Addr        Size        Decimal Bytes (Attributes)
--------------------       ----        ----        ------- ----- ------------
_HEADER3               00000000    00000008 =           8. bytes (ABS,CON)

        Value  Global            Value  Global            Value  Global    
        -----  ------            -----  ------            -----  ------    
ASxxxx Linker V03.00/V05.40 + sdld,  page 8.
Hexadecimal  [32-Bits]

Area                       Addr        Size        Decimal Bytes (Attributes)
--------------------       ----        ----        ------- ----- ------------
_HEADER4               00000000    00000060 =          96. bytes (ABS,CON)

        Value  Global            Value  Global            Value  Global    
        -----  ------            -----  ------            -----  ------    
     00000080  .int      |    0000008F  _wait_int |    0000009C  __standar
     000000AB  _refresh_ |    000000CC  _set_inte
ASxxxx Linker V03.00/V05.40 + sdld,  page 9.
Hexadecimal  [32-Bits]

Area                       Addr        Size        Decimal Bytes (Attributes)
--------------------       ----        ----        ------- ----- ------------
_HEADER5               00000000    00000001 =           1. bytes (ABS,CON)

        Value  Global            Value  Global            Value  Global    
        -----  ------            -----  ------            -----  ------    
ASxxxx Linker V03.00/V05.40 + sdld,  page 10.
Hexadecimal  [32-Bits]

Area                       Addr        Size        Decimal Bytes (Attributes)
--------------------       ----        ----        ------- ----- ------------
_HEADER6               00000000    00000002 =           2. bytes (ABS,CON)

        Value  Global            Value  Global            Value  Global    
        -----  ------            -----  ------            -----  ------    
ASxxxx Linker V03.00/V05.40 + sdld,  page 11.
Hexadecimal  [32-Bits]

Area                       Addr        Size        Decimal Bytes (Attributes)
--------------------       ----        ----        ------- ----- ------------
_HEADER7               00000000    00000030 =          48. bytes (ABS,CON)

        Value  Global            Value  Global            Value  Global    
        -----  ------            -----  ------            -----  ------    
ASxxxx Linker V03.00/V05.40 + sdld,  page 12.
Hexadecimal  [32-Bits]

Area                       Addr        Size        Decimal Bytes (Attributes)
--------------------       ----        ----        ------- ----- ------------
_HEADER8               00000000    00000006 =           6. bytes (ABS,CON)

        Value  Global            Value  Global            Value  Global    
        -----  ------            -----  ------            -----  ------    
ASxxxx Linker V03.00/V05.40 + sdld,  page 13.
Hexadecimal  [32-Bits]

Area                       Addr        Size        Decimal Bytes (Attributes)
--------------------       ----        ----        ------- ----- ------------
_HEADER9               00000000    00000003 =           3. bytes (ABS,CON)

        Value  Global            Value  Global            Value  Global    
        -----  ------            -----  ------            -----  ------    
ASxxxx Linker V03.00/V05.40 + sdld,  page 14.
Hexadecimal  [32-Bits]

Area                       Addr        Size        Decimal Bytes (Attributes)
--------------------       ----        ----        ------- ----- ------------
_HEADERa               00000000    00000001 =           1. bytes (ABS,CON)

        Value  Global            Value  Global            Value  Global    
        -----  ------            -----  ------            -----  ------    
ASxxxx Linker V03.00/V05.40 + sdld,  page 15.
Hexadecimal  [32-Bits]

Area                       Addr        Size        Decimal Bytes (Attributes)
--------------------       ----        ----        ------- ----- ------------
_HEADERb               00000000    00000001 =           1. bytes (ABS,CON)

        Value  Global            Value  Global            Value  Global    
        -----  ------            -----  ------            -----  ------    
ASxxxx Linker V03.00/V05.40 + sdld,  page 16.
Hexadecimal  [32-Bits]

Area                       Addr        Size        Decimal Bytes (Attributes)
--------------------       ----        ----        ------- ----- ------------
_HEADERc               00000000    00000001 =           1. bytes (ABS,CON)

        Value  Global            Value  Global            Value  Global    
        -----  ------            -----  ------            -----  ------    
ASxxxx Linker V03.00/V05.40 + sdld,  page 17.
Hexadecimal  [32-Bits]

Area                       Addr        Size        Decimal Bytes (Attributes)
--------------------       ----        ----        ------- ----- ------------
_HEADERd               00000000    00000002 =           2. bytes (ABS,CON)

        Value  Global            Value  Global            Value  Global    
        -----  ------            -----  ------            -----  ------    
ASxxxx Linker V03.00/V05.40 + sdld,  page 18.
Hexadecimal  [32-Bits]

Area                       Addr        Size        Decimal Bytes (Attributes)
--------------------       ----        ----        ------- ----- ------------
_HEADERe               00000000    00000001 =           1. bytes (ABS,CON)

        Value  Global            Value  Global            Value  Global    
        -----  ------            -----  ------            -----  ------    
ASxxxx Linker V03.00/V05.40 + sdld,  page 19.
Hexadecimal  [32-Bits]

Area                       Addr        Size        Decimal Bytes (Attributes)
--------------------       ----        ----        ------- ----- ------------
_HEADERf               00000000    00000001 =           1. bytes (ABS,CON)

        Value  Global            Value  Global            Value  Global    
        -----  ------            -----  ------            -----  ------    
ASxxxx Linker V03.00/V05.40 + sdld,  page 20.
Hexadecimal  [32-Bits]

Area                       Addr        Size        Decimal Bytes (Attributes)
--------------------       ----        ----        ------- ----- ------------
_HEADER10              00000000    00000002 =           2. bytes (ABS,CON)

        Value  Global            Value  Global            Value  Global    
        -----  ------            -----  ------            -----  ------    
ASxxxx Linker V03.00/V05.40 + sdld,  page 21.
Hexadecimal  [32-Bits]

Area                       Addr        Size        Decimal Bytes (Attributes)
--------------------       ----        ----        ------- ----- ------------
_HEADER11              00000000    000000AB =         171. bytes (ABS,CON)

        Value  Global            Value  Global            Value  Global    
        -----  ------            -----  ------            -----  ------    
     00000150  .reset    |    00000150  _reset    |    00000157  .code_sta
     000001B9  _exit     |    000001BD  .wait_vbl |    000001BD  _vsync   
     000001BD  _wait_vbl |    000001CD  .remove_V |    000001CD  _remove_V
     000001D0  .remove_i |    000001ED  .add_VBL  |    000001ED  _add_VBL 
     000001F0  .add_int 
ASxxxx Linker V03.00/V05.40 + sdld,  page 22.
Hexadecimal  [32-Bits]

Area                       Addr        Size        Decimal Bytes (Attributes)
--------------------       ----        ----        ------- ----- ------------
_HOME                  000034D5    00000AD6 =        2774. bytes (REL,CON)

        Value  Global            Value  Global            Value  Global    
        -----  ------            -----  ------            -----  ------    
     000034D5  .memset_s |    000034DE  .memcpy_s |    000034FB  .display_
     000034FB  _display_ |    00003513  _font_ibm |    00003615  _font_ibm
     00003E15  __modulon |    00003EB2  _fill_bkg |    00003EC4  .padup   
     00003EC4  _waitpadu |    00003ED4  .jpad     |    00003ED4  _joypad  
     00003EFC  _waitpad  |    00003EFD  .wait_pad |    00003F04  ___sdcc_b
     00003F18  _set_tile |    00003F1D  _set_bkg_ |    00003F1D  _set_win_
     00003F25  _set_spri |    00003F55  .fill_rec |    00003F5E  .fill_rec
ASxxxx Linker V03.00/V05.40 + sdld,  page 23.
Hexadecimal  [32-Bits]

Area                       Addr        Size        Decimal Bytes (Attributes)
--------------------       ----        ----        ------- ----- ------------
_INITIALIZER           00003FAB    00000009 =           9. bytes (REL,CON)

        Value  Global            Value  Global            Value  Global    
        -----  ------            -----  ------            -----  ------    
ASxxxx Linker V03.00/V05.40 + sdld,  page 24.
Hexadecimal  [32-Bits]

Area                       Addr        Size        Decimal Bytes (Attributes)
--------------------       ----        ----        ------- ----- ------------
_GSINIT                00003FB4    0000000C =          12. bytes (REL,CON)

        Value  Global            Value  Global            Value  Global    
        -----  ------            -----  ------            -----  ------    
     00003FB4  gsinit   
ASxxxx Linker V03.00/V05.40 + sdld,  page 25.
Hexadecimal  [32-Bits]

Area                       Addr        Size        Decimal Bytes (Attributes)
--------------------       ----        ----        ------- ----- ------------
_GSFINAL               00003FC0    00000001 =           1. bytes (REL,CON)

        Value  Global            Value  Global            Value  Global    
        -----  ------            -----  ------            -----  ------    
ASxxxx Linker V03.00/V05.40 + sdld,  page 26.
Hexadecimal  [32-Bits]

Area                       Addr        Size        Decimal Bytes (Attributes)
--------------------       ----        ----        ------- ----- ------------
_DATA                  0000C0A0    0000017D =         381. bytes (REL,CON)

        Value  Global            Value  Global            Value  Global    
        -----  ------            -----  ------            -----  ------    
     0000C0A0  __cpu     |    0000C0A1  __is_GBA  |    0000C0A2  .mode    
     0000C0A3  .sys_time |    0000C0A3  _sys_time |    0000C0A5  .int_0x40
ASxxxx Linker V03.00/V05.40 + sdld,  page 27.
Hexadecimal  [32-Bits]

Area                       Addr        Size        Decimal Bytes (Attributes)
--------------------       ----        ----        ------- ----- ------------
_INITIALIZED           0000C21D    00000009 =           9. bytes (REL,CON)

        Value  Global            Value  Global            Value  Global    
        -----  ------            -----  ------            -----  ------    
ASxxxx Linker V03.00/V05.40 + sdld,  page 28.
Hexadecimal  [32-Bits]

Area                       Addr        Size        Decimal Bytes (Attributes)
--------------------       ----        ----        ------- ----- ------------
_HRAM                  0000FF80    00000013 =          19. bytes (REL,CON)

        Value  Global            Value  Global            Value  Global    
        -----  ------            -----  ------            -----  ------    
     0000FF80  .refresh_ |    0000FF90  __current |    0000FF91  __vbl_don
     0000FF92  __shadow_
ASxxxx Linker V03.00/V05.40 + sdld,  page 29.
Hexadecimal  [32-Bits]

Area                       Addr        Size        Decimal Bytes (Attributes)
--------------------       ----        ----        ------- ----- ------------
_CODE_1                00014000    0000337E =       13182. bytes (REL,CON)

        Value  Global            Value  Global            Value  Global    
        -----  ------            -----  ------            -----  ------    
     00014000  _INTRO_BI |    00014000  ___func_I |    00015680  _SCENE01_
     00015680  ___func_S |    000171F3  _maze_res |    000171F8  _scene_re
     0001726F  _run_maze
ASxxxx Linker V03.00/V05.40 + sdld,  page 30.
Hexadecimal  [32-Bits]

Area                       Addr        Size        Decimal Bytes (Attributes)
--------------------       ----        ----        ------- ----- ------------
_CODE_2                00024000    00002D00 =       11520. bytes (REL,CON)

        Value  Global            Value  Global            Value  Global    
        -----  ------            -----  ------            -----  ------    
     00024000  _SCENE02_ |    00024000  ___func_S |    00025680  _SCENE03_
     00025680  ___func_S
ASxxxx Linker V03.00/V05.40 + sdld,  page 31.
Hexadecimal  [32-Bits]

Area                       Addr        Size        Decimal Bytes (Attributes)
--------------------       ----        ----        ------- ----- ------------
_CODE_3                00034000    00002D00 =       11520. bytes (REL,CON)

        Value  Global            Value  Global            Value  Global    
        -----  ------            -----  ------            -----  ------    
     00034000  _SCENE04_ |    00034000  ___func_S |    00035680  _SCENE05_
     00035680  ___func_S
ASxxxx Linker V03.00/V05.40 + sdld,  page 32.
Hexadecimal  [32-Bits]

Area                       Addr        Size        Decimal Bytes (Attributes)
--------------------       ----        ----        ------- ----- ------------
_CODE_4                00044000    00002D00 =       11520. bytes (REL,CON)

        Value  Global            Value  Global            Value  Global    
        -----  ------            -----  ------            -----  ------    
     00044000  _SCENE06_ |    00044000  ___func_S |    00045680  _SCENE07_
     00045680  ___func_S
ASxxxx Linker V03.00/V05.40 + sdld,  page 33.
Hexadecimal  [32-Bits]

Area                       Addr        Size        Decimal Bytes (Attributes)
--------------------       ----        ----        ------- ----- ------------
_CODE_5                00054000    00002D00 =       11520. bytes (REL,CON)

        Value  Global            Value  Global            Value  Global    
        -----  ------            -----  ------            -----  ------    
     00054000  _SCENE08_ |    00054000  ___func_S |    00055680  _SCENE09_
     00055680  ___func_S
ASxxxx Linker V03.00/V05.40 + sdld,  page 34.
Hexadecimal  [32-Bits]

Area                       Addr        Size        Decimal Bytes (Attributes)
--------------------       ----        ----        ------- ----- ------------
_CODE_6                00064000    00002D00 =       11520. bytes (REL,CON)

        Value  Global            Value  Global            Value  Global    
        -----  ------            -----  ------            -----  ------    
     00064000  _SCENE10_ |    00064000  ___func_S |    00065680  _SCENE11_
     00065680  ___func_S
ASxxxx Linker V03.00/V05.40 + sdld,  page 35.
Hexadecimal  [32-Bits]

Area                       Addr        Size        Decimal Bytes (Attributes)
--------------------       ----        ----        ------- ----- ------------
_CODE_7                00074000    00002D00 =       11520. bytes (REL,CON)

        Value  Global            Value  Global            Value  Global    
        -----  ------            -----  ------            -----  ------    
     00074000  _SCENE12_ |    00074000  ___func_S |    00075680  _SCENE13_
     00075680  ___func_S
ASxxxx Linker V03.00/V05.40 + sdld,  page 36.
Hexadecimal  [32-Bits]

Area                       Addr        Size        Decimal Bytes (Attributes)
--------------------       ----        ----        ------- ----- ------------
_CODE_8                00084000    00002D00 =       11520. bytes (REL,CON)

        Value  Global            Value  Global            Value  Global    
        -----  ------            -----  ------            -----  ------    
     00084000  _SCENE14_ |    00084000  ___func_S |    00085680  _SCENE15_
     00085680  ___func_S
ASxxxx Linker V03.00/V05.40 + sdld,  page 37.
Hexadecimal  [32-Bits]

Area                       Addr        Size        Decimal Bytes (Attributes)
--------------------       ----        ----        ------- ----- ------------
_CODE_9                00094000    00002D00 =       11520. bytes (REL,CON)

        Value  Global            Value  Global            Value  Global    
        -----  ------            -----  ------            -----  ------    
     00094000  _SCENE16_ |    00094000  ___func_S |    00095680  _SCENE17_
     00095680  ___func_S
ASxxxx Linker V03.00/V05.40 + sdld,  page 38.
Hexadecimal  [32-Bits]

Area                       Addr        Size        Decimal Bytes (Attributes)
--------------------       ----        ----        ------- ----- ------------
_CODE_10               000A4000    00002D00 =       11520. bytes (REL,CON)

        Value  Global            Value  Global            Value  Global    
        -----  ------            -----  ------            -----  ------    
     000A4000  _SCENE18_ |    000A4000  ___func_S |    000A5680  _SCENE19_
     000A5680  ___func_S
ASxxxx Linker V03.00/V05.40 + sdld,  page 39.
Hexadecimal  [32-Bits]

Area                       Addr        Size        Decimal Bytes (Attributes)
--------------------       ----        ----        ------- ----- ------------
_CODE_11               000B4000    00002D00 =       11520. bytes (REL,CON)

        Value  Global            Value  Global            Value  Global    
        -----  ------            -----  ------            -----  ------    
     000B4000  _SCENE20_ |    000B4000  ___func_S |    000B5680  _SCENE21_
     000B5680  ___func_S
ASxxxx Linker V03.00/V05.40 + sdld,  page 40.
Hexadecimal  [32-Bits]

Area                       Addr        Size        Decimal Bytes (Attributes)
--------------------       ----        ----        ------- ----- ------------
_CODE_12               000C4000    00002D00 =       11520. bytes (REL,CON)

        Value  Global            Value  Global            Value  Global    
        -----  ------            -----  ------            -----  ------    
     000C4000  _SCENE22_ |    000C4000  ___func_S |    000C5680  _SCENE23_
     000C5680  ___func_S
ASxxxx Linker V03.00/V05.40 + sdld,  page 41.
Hexadecimal  [32-Bits]

Area                       Addr        Size        Decimal Bytes (Attributes)
--------------------       ----        ----        ------- ----- ------------
_CODE_13               000D4000    00002D00 =       11520. bytes (REL,CON)

        Value  Global            Value  Global            Value  Global    
        -----  ------            -----  ------            -----  ------    
     000D4000  _SCENE24_ |    000D4000  ___func_S |    000D5680  _SCENE25_
     000D5680  ___func_S
ASxxxx Linker V03.00/V05.40 + sdld,  page 42.
Hexadecimal  [32-Bits]

Area                       Addr        Size        Decimal Bytes (Attributes)
--------------------       ----        ----        ------- ----- ------------
_CODE_14               000E4000    00002D00 =       11520. bytes (REL,CON)

        Value  Global            Value  Global            Value  Global    
        -----  ------            -----  ------            -----  ------    
     000E4000  _SCENE26_ |    000E4000  ___func_S |    000E5680  _SCENE27_
     000E5680  ___func_S
ASxxxx Linker V03.00/V05.40 + sdld,  page 43.
Hexadecimal  [32-Bits]

Area                       Addr        Size        Decimal Bytes (Attributes)
--------------------       ----        ----        ------- ----- ------------
_CODE_15               000F4000    00002D00 =       11520. bytes (REL,CON)

        Value  Global            Value  Global            Value  Global    
        -----  ------            -----  ------            -----  ------    
     000F4000  _SCENE28_ |    000F4000  ___func_S |    000F5680  _SCENE29_
     000F5680  ___func_S
ASxxxx Linker V03.00/V05.40 + sdld,  page 44.
Hexadecimal  [32-Bits]

Area                       Addr        Size        Decimal Bytes (Attributes)
--------------------       ----        ----        ------- ----- ------------
_CODE_16               00104000    00001680 =        5760. bytes (REL,CON)

        Value  Global            Value  Global            Value  Global    
        -----  ------            -----  ------            -----  ------    
     00104000  _SCENE30_ |    00104000  ___func_S
ASxxxx Linker V03.00/V05.40 + sdld,  page 45.

Files Linked                              [ module(s) ]

/usr/local/local/lib/gbdk/lib/gb/crt0.o   [ Runtime ]
/tmp/lcc1648791.rel                       [ main_gb ]
/tmp/lcc1648790.rel                       [ intro_bitmap_gb ]
/tmp/lcc1648793.rel                       [ scene01_bitmap_gb ]
/tmp/lcc1648794.rel                       [ scene02_bitmap_gb ]
/tmp/lcc1648795.rel                       [ scene03_bitmap_gb ]
/tmp/lcc1648796.rel                       [ scene04_bitmap_gb ]
/tmp/lcc1648797.rel                       [ scene05_bitmap_gb ]
/tmp/lcc1648798.rel                       [ scene06_bitmap_gb ]
/tmp/lcc1648799.rel                       [ scene07_bitmap_gb ]
/tmp/lcc16487910.rel                      [ scene08_bitmap_gb ]
/tmp/lcc16487911.rel                      [ scene09_bitmap_gb ]
/tmp/lcc16487912.rel                      [ scene10_bitmap_gb ]
/tmp/lcc16487913.rel                      [ scene11_bitmap_gb ]
/tmp/lcc16487914.rel                      [ scene12_bitmap_gb ]
/tmp/lcc16487915.rel                      [ scene13_bitmap_gb ]
/tmp/lcc16487916.rel                      [ scene14_bitmap_gb ]
/tmp/lcc16487917.rel                      [ scene15_bitmap_gb ]
/tmp/lcc16487918.rel                      [ scene16_bitmap_gb ]
/tmp/lcc16487919.rel                      [ scene17_bitmap_gb ]
/tmp/lcc16487920.rel                      [ scene18_bitmap_gb ]
/tmp/lcc16487921.rel                      [ scene19_bitmap_gb ]
/tmp/lcc16487922.rel                      [ scene20_bitmap_gb ]
/tmp/lcc16487923.rel                      [ scene21_bitmap_gb ]
/tmp/lcc16487924.rel                      [ scene22_bitmap_gb ]
/tmp/lcc16487925.rel                      [ scene23_bitmap_gb ]
/tmp/lcc16487926.rel                      [ scene24_bitmap_gb ]
/tmp/lcc16487927.rel                      [ scene25_bitmap_gb ]
/tmp/lcc16487928.rel                      [ scene26_bitmap_gb ]
/tmp/lcc16487929.rel                      [ scene27_bitmap_gb ]
/tmp/lcc16487930.rel                      [ scene28_bitmap_gb ]
/tmp/lcc16487931.rel                      [ scene29_bitmap_gb ]
/tmp/lcc16487932.rel                      [ scene30_bitmap_gb ]
/tmp/lcc1648792.rel                       [ maze_gb ]


Libraries Linked                          [ object file ]

/usr/local/local/lib/gbdk/lib/sm83/sm83.lib
                                          [ div.o ]
/usr/local/local/lib/gbdk/lib/sm83/sm83.lib
                                          [ mul.o ]
/usr/local/local/lib/gbdk/lib/gb/gb.lib   [ set_tile.o ]
/usr/local/local/lib/gbdk/lib/gb/gb.lib   [ f_ibm_full.o ]
/usr/local/local/lib/gbdk/lib/sm83/sm83.lib
                                          [ _modulong.o ]
/usr/local/local/lib/gbdk/lib/gb/gb.lib   [ fill_rect_bk.o ]
/usr/local/local/lib/gbdk/lib/gb/gb.lib   [ pad.o ]
/usr/local/local/lib/gbdk/lib/gb/gb.lib   [ ___sdcc_bcall_ehl.o ]
/usr/local/local/lib/gbdk/lib/gb/gb.lib   [ sfr.o ]
/usr/local/local/lib/gbdk/lib/gb/gb.lib   [ set_data.o ]
/usr/local/local/lib/gbdk/lib/gb/gb.lib   [ cgb_compat.o ]
/usr/local/local/lib/gbdk/lib/gb/gb.lib   [ fill_rect.o ]
/usr/local/local/lib/gbdk/lib/gb/gb.lib   [ cgb_palettes.o ]

ASxxxx Linker V03.00/V05.40 + sdld,  page 46.

User Base Address Definitions

_DATA=0xC0A0
_CODE=0x0200
_HRAM=0xFF80
ASxxxx Linker V03.00/V05.40 + sdld,  page 47.

User Global Definitions

_shadow_OAM=0xC000
.STACK=0xE000

